  Backdooms.cpp
C:\Users\matey\Documents\University\CG\Backdooms\Backdooms.cpp(51,20): warning C4244: '=': conversion from 'double' to 'float', possible loss of data
C:\Users\matey\Documents\University\CG\Backdooms\Backdooms.cpp(53,28): warning C4305: '+=': truncation from 'double' to 'float'
C:\Users\matey\Documents\University\CG\Backdooms\Backdooms.cpp(54,33): warning C4305: '-=': truncation from 'double' to 'float'
C:\Users\matey\Documents\University\CG\Backdooms\Backdooms.cpp(66,33): warning C4244: '=': conversion from 'double' to 'float', possible loss of data
C:\Users\matey\Documents\University\CG\Backdooms\Backdooms.cpp(73,37): warning C4244: '=': conversion from 'int' to 'float', possible loss of data
C:\Users\matey\Documents\University\CG\Backdooms\Backdooms.cpp(99,37): warning C4244: '=': conversion from 'double' to 'float', possible loss of data
C:\Users\matey\Documents\University\CG\Backdooms\Backdooms.cpp(106,37): warning C4244: '=': conversion from 'int' to 'float', possible loss of data
C:\Users\matey\Documents\University\CG\Backdooms\Backdooms.cpp(124,63): warning C4305: 'argument': truncation from 'double' to 'GLfloat'
C:\Users\matey\Documents\University\CG\Backdooms\Backdooms.cpp(125,51): warning C4305: 'argument': truncation from 'double' to 'GLfloat'
C:\Users\matey\Documents\University\CG\Backdooms\Backdooms.cpp(127,59): warning C4244: 'argument': conversion from 'float' to 'GLint', possible loss of data
C:\Users\matey\Documents\University\CG\Backdooms\Backdooms.cpp(127,49): warning C4244: 'argument': conversion from 'float' to 'GLint', possible loss of data
C:\Users\matey\Documents\University\CG\Backdooms\Backdooms.cpp(127,85): warning C4244: 'argument': conversion from 'float' to 'GLint', possible loss of data
C:\Users\matey\Documents\University\CG\Backdooms\Backdooms.cpp(127,81): warning C4244: 'argument': conversion from 'float' to 'GLint', possible loss of data
C:\Users\matey\Documents\University\CG\Backdooms\Backdooms.cpp(129,59): warning C4305: '+=': truncation from 'double' to 'float'
C:\Users\matey\Documents\University\CG\Backdooms\Backdooms.cpp(129,94): warning C4305: '-=': truncation from 'double' to 'float'
C:\Users\matey\Documents\University\CG\Backdooms\Backdooms.cpp(133,62): warning C4244: 'argument': conversion from 'float' to 'GLint', possible loss of data
C:\Users\matey\Documents\University\CG\Backdooms\Backdooms.cpp(133,100): warning C4244: 'argument': conversion from 'float' to 'GLint', possible loss of data
C:\Users\matey\Documents\University\CG\Backdooms\Backdooms.cpp(135,20): warning C4305: '+=': truncation from 'double' to 'float'
C:\Users\matey\Documents\University\CG\Backdooms\Backdooms.cpp(136,29): warning C4305: '+=': truncation from 'double' to 'float'
C:\Users\matey\Documents\University\CG\Backdooms\Backdooms.cpp(137,34): warning C4305: '-=': truncation from 'double' to 'float'
C:\Users\matey\Documents\University\CG\Backdooms\Backdooms.cpp(146,23): warning C4244: 'argument': conversion from 'float' to 'GLint', possible loss of data
C:\Users\matey\Documents\University\CG\Backdooms\Backdooms.cpp(146,13): warning C4244: 'argument': conversion from 'float' to 'GLint', possible loss of data
C:\Users\matey\Documents\University\CG\Backdooms\Backdooms.cpp(151,23): warning C4244: 'argument': conversion from 'float' to 'GLint', possible loss of data
C:\Users\matey\Documents\University\CG\Backdooms\Backdooms.cpp(151,13): warning C4244: 'argument': conversion from 'float' to 'GLint', possible loss of data
C:\Users\matey\Documents\University\CG\Backdooms\Backdooms.cpp(152,53): warning C4244: 'argument': conversion from 'float' to 'GLint', possible loss of data
C:\Users\matey\Documents\University\CG\Backdooms\Backdooms.cpp(152,22): warning C4244: 'argument': conversion from 'float' to 'GLint', possible loss of data
C:\Users\matey\Documents\University\CG\Backdooms\Backdooms.cpp(187,25): warning C4305: 'argument': truncation from 'double' to 'GLclampf'
C:\Users\matey\Documents\University\CG\Backdooms\Backdooms.cpp(187,20): warning C4305: 'argument': truncation from 'double' to 'GLclampf'
C:\Users\matey\Documents\University\CG\Backdooms\Backdooms.cpp(187,15): warning C4305: 'argument': truncation from 'double' to 'GLclampf'
C:\Users\matey\Documents\University\CG\Backdooms\Backdooms.cpp(200,22): warning C4305: '-=': truncation from 'double' to 'float'
C:\Users\matey\Documents\University\CG\Backdooms\Backdooms.cpp(201,49): warning C4305: '+=': truncation from 'double' to 'float'
C:\Users\matey\Documents\University\CG\Backdooms\Backdooms.cpp(208,22): warning C4305: '+=': truncation from 'double' to 'float'
C:\Users\matey\Documents\University\CG\Backdooms\Backdooms.cpp(209,52): warning C4305: '-=': truncation from 'double' to 'float'
  Backdooms.vcxproj -> C:\Users\matey\Documents\University\CG\Backdooms\x64\Debug\Backdooms.exe
